
n work pld verilog;

gi wil_clk;
ai .slack_logic 7.900 ;
gp C;
ap .is_clock 1;

gi overtime_delay2;
ai .slack_logic 7.900 ;
gp C;
ap .is_clock 1;

gi overtime_delay3;
ai .slack_logic -0.100 ;
gp C;
ap .is_clock 1;

gi wil0;
ai .slack_logic 2.900 ;
gp C;
ap .is_clock 1;

gi wil1;
ai .slack_logic 2.900 ;
gp C;
ap .is_clock 1;

gi wigend_reg_9[25:1];
ai .slack_logic 7.900 ;
gp A[0];
ap .slack_logic 7.900 ;
gp A[1];
ap .slack_logic 7.900 ;
gp A[2];
ap .slack_logic 7.900 ;
gp A[3];
ap .slack_logic 7.900 ;
gp A[4];
ap .slack_logic 7.900 ;
gp A[5];
ap .slack_logic 7.900 ;
gp A[6];
ap .slack_logic 7.900 ;
gp A[7];
ap .slack_logic 7.900 ;
gp A[8];
ap .slack_logic 7.900 ;
gp A[9];
ap .slack_logic 7.900 ;
gp A[10];
ap .slack_logic 7.900 ;
gp A[11];
ap .slack_logic 7.900 ;
gp A[12];
ap .slack_logic 7.900 ;
gp A[13];
ap .slack_logic 7.900 ;
gp A[14];
ap .slack_logic 7.900 ;
gp A[15];
ap .slack_logic 7.900 ;
gp A[16];
ap .slack_logic 7.900 ;
gp A[17];
ap .slack_logic 7.900 ;
gp A[18];
ap .slack_logic 7.900 ;
gp A[19];
ap .slack_logic 7.900 ;
gp A[20];
ap .slack_logic 7.900 ;
gp A[21];
ap .slack_logic 7.900 ;
gp A[22];
ap .slack_logic 7.900 ;
gp A[23];
ap .slack_logic 7.900 ;
gp A[24];
ap .slack_logic 7.900 ;

gi wil_clk_tmp;
ai .slack_logic 2.899 ;
gp C;
ap .is_clock 1;

gi eint11;
ai .slack_logic 2.900 ;
gp C;
ap .is_clock 1;

gi wigend_reg[25:0];
ai .slack_logic 2.899 ;
gp D[0];
ap .slack_logic 2.900 ;
gp D[1];
ap .slack_logic 2.900 ;
gp D[2];
ap .slack_logic 2.900 ;
gp D[3];
ap .slack_logic 2.900 ;
gp D[4];
ap .slack_logic 2.900 ;
gp D[5];
ap .slack_logic 2.900 ;
gp D[6];
ap .slack_logic 2.900 ;
gp D[7];
ap .slack_logic 2.900 ;
gp D[8];
ap .slack_logic 2.900 ;
gp D[9];
ap .slack_logic 2.900 ;
gp D[10];
ap .slack_logic 2.900 ;
gp D[11];
ap .slack_logic 2.900 ;
gp D[12];
ap .slack_logic 2.900 ;
gp D[13];
ap .slack_logic 2.900 ;
gp D[14];
ap .slack_logic 2.900 ;
gp D[15];
ap .slack_logic 2.900 ;
gp D[16];
ap .slack_logic 2.900 ;
gp D[17];
ap .slack_logic 2.900 ;
gp D[18];
ap .slack_logic 2.900 ;
gp D[19];
ap .slack_logic 2.900 ;
gp D[20];
ap .slack_logic 2.900 ;
gp D[21];
ap .slack_logic 2.900 ;
gp D[22];
ap .slack_logic 2.900 ;
gp D[23];
ap .slack_logic 2.900 ;
gp D[24];
ap .slack_logic 2.900 ;
gp D[25];
ap .slack_logic 2.900 ;
gp C;
ap .is_clock 1;

gi overtime;
ai .slack_logic -4.101 ;
gp C;
ap .is_clock 1;

gi overtime_delay1;
ai .slack_logic 7.900 ;
gp C;
ap .is_clock 1;

gi wigend_bitcnt[4:0];
ai .slack_logic -1.100 ;
gp Q[0];
ap .slack_logic -1.100 ;
gp Q[1];
ap .slack_logic -1.100 ;
gp Q[2];
ap .slack_logic -1.100 ;
gp Q[3];
ap .slack_logic -1.100 ;
gp Q[4];
ap .slack_logic -1.100 ;
gp D[0];
ap .slack_logic 2.900 ;
gp D[1];
ap .slack_logic -1.100 ;
gp D[2];
ap .slack_logic -1.100 ;
gp D[3];
ap .slack_logic -1.100 ;
gp D[4];
ap .slack_logic -1.100 ;
gp C;
ap .is_clock 1;

gi wigend_buf[24:0];
ai .slack_logic 2.900 ;
gp Q[0];
ap .slack_logic 7.900 ;
gp Q[1];
ap .slack_logic 7.900 ;
gp Q[2];
ap .slack_logic 7.900 ;
gp Q[3];
ap .slack_logic 7.900 ;
gp Q[4];
ap .slack_logic 7.900 ;
gp Q[5];
ap .slack_logic 7.900 ;
gp Q[6];
ap .slack_logic 7.900 ;
gp Q[7];
ap .slack_logic 7.900 ;
gp Q[8];
ap .slack_logic 7.900 ;
gp Q[9];
ap .slack_logic 7.900 ;
gp Q[10];
ap .slack_logic 7.900 ;
gp Q[11];
ap .slack_logic 7.900 ;
gp Q[12];
ap .slack_logic 7.900 ;
gp Q[13];
ap .slack_logic 7.900 ;
gp Q[14];
ap .slack_logic 7.900 ;
gp Q[15];
ap .slack_logic 7.900 ;
gp Q[16];
ap .slack_logic 7.900 ;
gp Q[17];
ap .slack_logic 7.900 ;
gp Q[18];
ap .slack_logic 7.900 ;
gp Q[19];
ap .slack_logic 7.900 ;
gp Q[20];
ap .slack_logic 7.900 ;
gp Q[21];
ap .slack_logic 7.900 ;
gp Q[22];
ap .slack_logic 7.900 ;
gp Q[23];
ap .slack_logic 7.900 ;
gp Q[24];
ap .slack_logic 7.900 ;
gp D[0];
ap .slack_logic 2.900 ;
gp D[1];
ap .slack_logic 2.900 ;
gp D[2];
ap .slack_logic 2.900 ;
gp D[3];
ap .slack_logic 2.900 ;
gp D[4];
ap .slack_logic 2.900 ;
gp D[5];
ap .slack_logic 2.900 ;
gp D[6];
ap .slack_logic 2.900 ;
gp D[7];
ap .slack_logic 2.900 ;
gp D[8];
ap .slack_logic 2.900 ;
gp D[9];
ap .slack_logic 2.900 ;
gp D[10];
ap .slack_logic 2.900 ;
gp D[11];
ap .slack_logic 2.900 ;
gp D[12];
ap .slack_logic 2.900 ;
gp D[13];
ap .slack_logic 2.900 ;
gp D[14];
ap .slack_logic 2.900 ;
gp D[15];
ap .slack_logic 2.900 ;
gp D[16];
ap .slack_logic 2.900 ;
gp D[17];
ap .slack_logic 2.900 ;
gp D[18];
ap .slack_logic 2.900 ;
gp D[19];
ap .slack_logic 2.900 ;
gp D[20];
ap .slack_logic 2.900 ;
gp D[21];
ap .slack_logic 2.900 ;
gp D[22];
ap .slack_logic 2.900 ;
gp D[23];
ap .slack_logic 2.900 ;
gp D[24];
ap .slack_logic 2.900 ;
gp C;
ap .is_clock 1;

gi wilclk_cnt[12:0];
ai .slack_logic -7.100 ;
gp Q[0];
ap .slack_logic -4.100 ;
gp Q[1];
ap .slack_logic -4.100 ;
gp Q[2];
ap .slack_logic -4.100 ;
gp Q[3];
ap .slack_logic -7.100 ;
gp Q[4];
ap .slack_logic -7.100 ;
gp Q[5];
ap .slack_logic -4.101 ;
gp Q[6];
ap .slack_logic -4.101 ;
gp Q[7];
ap .slack_logic -4.101 ;
gp Q[8];
ap .slack_logic -4.100 ;
gp Q[9];
ap .slack_logic -4.100 ;
gp Q[10];
ap .slack_logic -4.100 ;
gp Q[11];
ap .slack_logic 1.900 ;
gp Q[12];
ap .slack_logic -1.100 ;
gp D[0];
ap .slack_logic -1.101 ;
gp D[1];
ap .slack_logic -1.101 ;
gp D[2];
ap .slack_logic -4.101 ;
gp D[3];
ap .slack_logic -4.101 ;
gp D[4];
ap .slack_logic -4.101 ;
gp D[5];
ap .slack_logic -7.100 ;
gp D[6];
ap .slack_logic -7.100 ;
gp D[7];
ap .slack_logic -4.101 ;
gp D[8];
ap .slack_logic -4.101 ;
gp D[9];
ap .slack_logic -4.101 ;
gp D[10];
ap .slack_logic -1.101 ;
gp D[11];
ap .slack_logic -1.101 ;
gp D[12];
ap .slack_logic -4.100 ;
gp C;
ap .is_clock 1;
av syn_information_type logic;
