******************************************************************************
          TMS320C6x COFF Linker PC v5.1.0                      
******************************************************************************
>> Linked Thu Oct 28 15:49:13 2010

OUTPUT FILE NAME:   <./Debug/framework.out>
ENTRY POINT SYMBOL: "_c_int00"  address: 00029900


SECTION ALLOCATION MAP

 output                                  attributes/
section   page    origin      length       input sections
--------  ----  ----------  ----------   ----------------
l2_section 
*          0    00000008    00000000     UNINITIALIZED

.prd       0    00000008    00000000     UNINITIALIZED

.sysdata   0    00000008    00000000     UNINITIALIZED

.sysregs   0    00000008    00000000     UNINITIALIZED

.data      0    00000008    00000000     UNINITIALIZED

.switch    0    00000008    00000000     UNINITIALIZED

frt        0    00000008    00000000     UNINITIALIZED

.hst       0    00000008    00000000     UNINITIALIZED

.dsm       0    00000008    00000000     UNINITIALIZED

.hwi       0    00000008    00000000     UNINITIALIZED

.pip       0    00000008    00000000     UNINITIALIZED

.ISRAM$heap 
*          0    00000008    00016800     UNINITIALIZED

.sys       0    00016808    00000010     UNINITIALIZED
                  00016808    00000010     frameworkcfg.obj (.sys)

.clk       0    00016818    00000008     UNINITIALIZED
                  00016818    00000008     frameworkcfg.obj (.clk)

.text      0    00016820    00009780     
                  00016820    00000760     _iic.obj (.text)
                  00016f80    00000520     rts6400.lib : _printfi.obj (.text:__setfield)
                  000174a0    00000440                 : fcvt.obj (.text:_fcvt)
                  000178e0    00000420                 : ecvt.obj (.text:_ecvt)
                  00017d00    00000400                 : _printfi.obj (.text:__printfi)
                  00018100    000003e0                 : _printfi.obj (.text:__getarg_diouxp)
                  000184e0    000003e0                 : _printfi.obj (.text:__fcpy)
                  000188c0    000003a0                 : _printfi.obj (.text:__pconv_e)
                  00018c60    00000360                 : _printfi.obj (.text:__pproc_fwp)
                  00018fc0    00000340                 : fputs.obj (.text:_fputs)
                  00019300    00000340     cslDM642.lib : csl_dat.obj (.text:_DAT_open)
                  00019640    00000300     rts6400.lib : frcdivd.obj (.text:__frcdivd)
                  00019940    000002e0     dm642init.obj (.text)
                  00019c20    000002e0     main.obj (.text)
                  00019f00    000002e0     rts6400.lib : _printfi.obj (.text:__pproc_str)
                  0001a1e0    000002a0     cslDM642.lib : csl_cache.obj (.text:_CACHE_flush)
                  0001a480    000002a0     rts6400.lib : _printfi.obj (.text:__pconv_g)
                  0001a720    000002a0                 : imath64.obj (.text:__divull)
                  0001a9c0    00000280     cslDM642.lib : csl_cache.obj (.text:_CACHE_setL2Mode)
                  0001ac40    00000260                  : csl_cache.obj (.text:_CACHE_wait)
                  0001aea0    00000260     rts6400.lib : _printfi.obj (.text:__pproc_diouxp)
                  0001b100    00000240                 : frcaddd.obj (.text:__frcaddd)
                  0001b340    00000220                 : trgdrv.obj (.text:_HOSTrename)
                  0001b560    000001e0     cslDM642.lib : csl.obj (.text:__CSL_init)
                  0001b740    000001e0     rts6400.lib : setvbuf.obj (.text:_setvbuf)
                  0001b920    000001c0                 : imath40.obj (.text:__divul)
                  0001bae0    000001c0                 : mpyd.obj (.text:__mpyd)
                  0001bca0    000001c0                 : _printfi.obj (.text:__mcpy)
                  0001be60    000001c0                 : divd.obj (.text:__divd)
                  0001c020    000001a0     cslDM642.lib : csl_cache.obj (.text:_CACHE_clean)
                  0001c1c0    000001a0     rts6400.lib : _printfi.obj (.text:__pproc_fge)
                  0001c360    000001a0     cslDM642.lib : csl_irq.obj (.text:_mux2Tables)
                  0001c500    00000180     rts6400.lib : _printfi.obj (.text:__ltostr)
                  0001c680    00000160     cslDM642.lib : csl_i2c.obj (.text:_I2C_reset)
                  0001c7e0    00000160     rts6400.lib : addd.obj (.text:__addd)
                  0001c940    00000140                 : atoi.obj (.text:_atoi)
                  0001ca80    00000140                 : fclose.obj (.text:_fclose)
                  0001cbc0    00000140                 : _printfi.obj (.text:__pproc_fflags)
                  0001cd00    00000140                 : lowlev.obj (.text:_getdevice)
                  0001ce40    00000140                 : trgdrv.obj (.text:_HOSTopen)
                  0001cf80    00000140                 : fputc.obj (.text:_fputc)
                  0001d0c0    00000120                 : frcmpyd.obj (.text:__frcmpyd)
                  0001d1e0    00000120                 : _printfi.obj (.text:__pconv_f)
                  0001d300    00000120     cslDM642.lib : csl_timer.obj (.text:_TIMER_reset)
                  0001d420    00000120     rts6400.lib : trgdrv.obj (.text:_HOSTlseek)
                  0001d540    00000120     cslDM642.lib : csl_timer.obj (.text:_TIMER_open)
                  0001d660    00000100     rts6400.lib : divi.obj (.text:__divi)
                  0001d760    00000100     cslDM642.lib : csl_cache.obj (.text:_CACHE_wbInvL1d)
                  0001d860    00000100     rts6400.lib : _io_perm.obj (.text:__wrt_ok)
                  0001d960    00000100                 : ltoa.obj (.text:_ltoa)
                  0001da60    00000100                 : trgdrv.obj (.text:_HOSTwrite)
                  0001db60    00000100                 : trgdrv.obj (.text:_HOSTunlink)
                  0001dc60    00000100                 : _printfi.obj (.text:__div)
                  0001dd60    00000100                 : lowlev.obj (.text:_close)
                  0001de60    00000100                 : lowlev.obj (.text:_write)
                  0001df60    00000100                 : lowlev.obj (.text:_lseek)
                  0001e060    00000100                 : memset.obj (.text:_memset)
                  0001e160    00000100                 : fseek.obj (.text:_fseek)
                  0001e260    00000100     cslDM642.lib : csl_cache.obj (.text:_CACHE_setL2Queue)
                  0001e360    00000100     rts6400.lib : trgdrv.obj (.text:_HOSTread)
                  0001e460    000000e0                 : _printfi.obj (.text:__ecpy)
                  0001e540    000000e0                 : fopen.obj (.text:__cleanup)
                  0001e620    000000e0     cslDM642.lib : csl_i2c.obj (.text:_I2C_open)
                  0001e700    000000e0                  : csl_edma.obj (.text:_EDMA_intAlloc)
                  0001e7e0    000000c0     rts6400.lib : exit.obj (.text:_atexit)
                  0001e8a0    000000c0                 : trgdrv.obj (.text:_HOSTclose)
                  0001e960    000000c0     cslDM642.lib : csl_gpio.obj (.text:_GPIO_reset)
                  0001ea20    000000c0     rts6400.lib : lowlev.obj (.text:_finddevice)
                  0001eae0    000000c0                 : imath40.obj (.text:__divli)
                  0001eba0    000000c0                 : divu.obj (.text:__divu)
                  0001ec60    000000c0                 : fflush.obj (.text:__doflush)
                  0001ed20    000000c0     cslDM642.lib : csl_cache.obj (.text:_CACHE_reset)
                  0001ede0    000000c0                  : csl_gpio.obj (.text:_GPIO_open)
                  0001eea0    000000c0                  : csl_dat_.obj (.text:_DAT_wait)
                  0001ef60    000000c0     rts6400.lib : trgmsg.obj (.text:_readmsg)
                  0001f020    000000a0                 : fixdi.obj (.text:__fixdi)
                  0001f0c0    000000a0                 : fixdli.obj (.text:__fixdli)
                  0001f160    000000a0                 : imath40.obj (.text:__remli)
                  0001f200    000000a0                 : renormd.obj (.text:_renormd)
                  0001f2a0    000000a0                 : mpyll.obj (.text:__mpyll)
                  0001f340    000000a0                 : trgmsg.obj (.text:_writemsg)
                  0001f3e0    000000a0     cslDM642.lib : csl_emifa.obj (.text:_EMIFA_config)
                  0001f480    000000a0     rts6400.lib : cmpd.obj (.text:__cmpd)
                  0001f520    00000080     cslDM642.lib : csl_irq.obj (.text:__IRQ_init)
                  0001f5a0    00000080                  : csl_i2c.obj (.text:_I2C_config)
                  0001f620    00000080     rts6400.lib : memccpy.obj (.text:_memccpy)
                  0001f6a0    00000080                 : vprintf.obj (.text:_vprintf)
                  0001f720    00000080                 : llshift.obj (.text:__llshl)
                  0001f7a0    00000080                 : memcpy64.obj (.text:_memcpy)
                  0001f820    00000080                 : lowlev.obj (.text:_unlink)
                  0001f8a0    00000080     cslDM642.lib : csl_i2c.obj (.text:_I2C_getConfig)
                  0001f920    00000060                  : csl_cache.obj (.text:_CACHE_enableCaching)
                  0001f980    00000060     rts6400.lib : fputs.obj (.text:_puts)
                  0001f9e0    00000060                 : fltid.obj (.text:__fltid)
                  0001fa40    00000060                 : imath64.obj (.text:__subcull)
                  0001faa0    00000060     test.obj (.text)
                  0001fb00    00000060     cslDM642.lib : csl_timer.obj (.text:_TIMER_configArgs)
                  0001fb60    00000060     rts6400.lib : llshift.obj (.text:__llshru)
                  0001fbc0    00000040                 : negd.obj (.text:__negd)
                  0001fc00    00000040     cslDM642.lib : csl_edma.obj (.text:_EDMA_intFree)
                  0001fc40    00000040                  : csl_timer.obj (.text:_TIMER_start)
                  0001fc80    00000040                  : csl_cache.obj (.text:_CACHE_setPriL2Req)
                  0001fcc0    00000040     rts6400.lib : subd.obj (.text:__subd)
                  0001fd00    00000020     cslDM642.lib : csl_i2c.obj (.text:_I2C_writeByte)
                  0001fd20    00000020                  : csl_irq.obj (.text)
                  0001fd40    00000020                  : csl_i2c.obj (.text:_I2C_xrdy)
                  0001fd60    00000020                  : csl.obj (.text:_CSLDM642_LIB_)
                  0001fd80    00000020     frameworkcfg_c.obj (.text:CSL_cfgInit)
                  0001fda0    00000020     cslDM642.lib : csl_i2c.obj (.text:_I2C_readByte)
                  0001fdc0    00000020                  : csl_i2c.obj (.text:_I2C_outOfReset)
                  0001fde0    00000020                  : csl_i2c.obj (.text:_I2C_bb)
                  0001fe00    00000020                  : csl_irq.obj (.text:_IRQ_globalDisable)
                  0001fe20    00000020                  : csl_irq.obj (.text:_IRQ_globalRestore)
                  0001fe40    00000020                  : csl_i2c.obj (.text:_I2C_rrdy)
                  0001fe60    00000020     rts6400.lib : _lock.obj (.text:__nop)
                  0001fe80    00000020                 : negll.obj (.text:__negll)
                  0001fea0    00000020                 : vprintf.obj (.text:__outc)
                  0001fec0    00000020     cslDM642.lib : csl_irq.obj (.text:_IRQ_enable)
                  0001fee0    00000020     rts6400.lib : vprintf.obj (.text:__outs)
                  0001ff00    00000020     cslDM642.lib : csl_i2c.obj (.text:_I2C_start)
                  0001ff20    00000020                  : csl_i2c.obj (.text:_I2C_sendStop)
                  0001ff40    00000020     rts6400.lib : _lock.obj (.text:__register_unlock)
                  0001ff60    00000020                 : _lock.obj (.text:__register_lock)
                  0001ff80    00000020                 : remove.obj (.text:_remove)

.bios      0    0001ffa0    000032a0     
                  0001ffa0    000006e0     bios.a64 : swi.o64 (.bios)
                  00020680    00000440              : hwi_disp_asm64 (.bios)
                  00020ac0    00000340              : malloc.o64 (.bios)
                  00020e00    00000320              : prd.o64 (.bios)
                  00021120    00000240              : clk.o64 (.bios)
                  00021360    00000200              : mem_allo.o64 (.bios:.near)
                  00021560    00000200              : mem_free.o64 (.bios:.near)
                  00021760    000001e0              : knl_run.o64 (.bios)
                  00021940    000001c0              : sem_pend.o64 (.bios)
                  00021b00    00000180              : knl_swit.o64 (.bios)
                  00021c80    00000160              : autoinit.o64 (.bios)
                  00021de0    00000160              : tsk_exit.o64 (.bios)
                  00021f40    00000160              : knl_tick.o64 (.bios)
                  000220a0    00000120              : tsk_setu.o64 (.bios)
                  000221c0    00000120              : sem_dopo.o64 (.bios)
                  000222e0    00000100              : tsk_stup.o64 (.bios)
                  000223e0    000000c0              : obj_dele.o64 (.bios)
                  000224a0    000000c0              : lck.o64 (.bios)
                  00022560    000000c0              : mem_init.o64 (.bios:.near)
                  00022620    000000c0              : obj_crea.o64 (.bios)
                  000226e0    000000a0              : knl_post.o64 (.bios)
                  00022780    000000a0              : knl_ipos.o64 (.bios)
                  00022820    000000a0              : atm.o64 (.bios)
                  000228c0    000000a0              : sys_exit.o64 (.bios)
                  00022960    000000a0              : mem_vall.o64 (.bios:.near)
                  00022a00    00000080              : gbl_cslinit62.o (.bios)
                  00022a80    00000080              : fxn.o64 (.bios)
                  00022b00    00000080              : clk_start6x.o64 (.bios)
                  00022b80    00000080              : knl_exit.o64 (.bios)
                  00022c00    00000080              : log.o64 (.bios)
                  00022c80    00000060              : utl_putc.o64 (.bios)
                  00022ce0    00000060              : sem_crea.o64 (.bios)
                  00022d40    00000060              : sem_pend_asm.o6 (.bios)
                  00022da0    00000060              : sem_post_asm.o6 (.bios)
                  00022e00    00000060              : sts.o64 (.bios)
                  00022e60    00000060              : hwi_c.o64 (.bios)
                  00022ec0    00000060              : tsk_init.o64 (.bios)
                  00022f20    00000060              : sys_erro.o64 (.bios:.near)
                  00022f80    00000060              : que_get.o64 (.bios)
                  00022fe0    00000060              : knl_chec.o64 (.bios)
                  00023040    00000040              : swi_post.o64 (.bios)
                  00023080    00000040              : sem_post.o64 (.bios)
                  000230c0    00000040              : utl_doab.o64 (.bios)
                  00023100    00000020              : idl.o64 (.bios)
                  00023120    00000020              : gbl_vers.o64 (.bios)
                  00023140    00000020              : utl_halt.o64 (.bios)
                  00023160    00000020              : sem_dele.o64 (.bios)
                  00023180    00000020              : utl_doer.o64 (.bios)
                  000231a0    00000020              : fxn_c.o64 (.bios)
                  000231c0    00000020              : clk_countspms.o (.bios)
                  000231e0    00000020              : clk_getltime.o6 (.bios)
                  00023200    00000020              : obj_init.o64 (.bios)
                  00023220    00000020              : clk_getprd.o64 (.bios)

.stack     0    00023240    00001000     
                  00023240    00001000     --HOLE-- [fill = 00c0ffee]

.far       0    00024240    00000c0c     UNINITIALIZED
                  00024240    00000374     rts6400.lib : defs.obj (.far)
                  000245b4    00000004     cslDM642.lib : csl_cache.obj (.far)
                  000245b8    00000190     rts6400.lib : _printfi.obj (.far)
                  00024748    00000190                 : fcvt.obj (.far)
                  000248d8    0000011c                 : lowlev.obj (.far)
                  000249f8    00000100     cslDM642.lib : csl_irq.obj (.far)
                  00024af8    000000d0     rts6400.lib : trgdrv.obj (.far)
                  00024bc8    00000090                 : exit.obj (.far)
                  00024c58    00000064                 : ecvt.obj (.far)
                  00024cc0    00000058     cslDM642.lib : csl_edma.obj (.far)
                  00024d18    00000052                  : csl_dat.obj (.far)
                  00024d70    00000030                  : csl_timer.obj (.far)
                  00024da0    00000028                  : csl_gpio.obj (.far)
                  00024dc8    00000028                  : csl.obj (.far)
                  00024df0    00000028     dm642init.obj (.far)
                  00024e18    00000014     cslDM642.lib : csl_i2c.obj (.far)
                  00024e2c    0000000c     bios.a64 : utl_putc.o64 (.far)
                  00024e38    0000000c     cslDM642.lib : csl_dat.obj (.far:_DAT_stateStruct)
                  00024e44    00000008     rts6400.lib : _lock.obj (.far)

.mem       0    00024e4c    00000004     UNINITIALIZED
                  00024e4c    00000004     frameworkcfg.obj (.mem)

.cio       0    00024e50    00000120     UNINITIALIZED
                  00024e50    00000120     rts6400.lib : trgmsg.obj (.cio)

.tsk       0    00024f70    00000060     UNINITIALIZED
                  00024f70    00000060     frameworkcfg.obj (.tsk)

.log       0    00024fd0    00000030     
                  00024fd0    00000030     frameworkcfg.obj (.log)

.LOG_system$buf 
*          0    00025000    00001000     
                  00025000    00001000     frameworkcfg.obj (.LOG_system$buf) [fill = ffffffff]

.trace$buf 
*          0    00026000    00001000     
                  00026000    00001000     frameworkcfg.obj (.trace$buf) [fill = ffffffff]

.cinit     0    00027000    00000f54     
                  00027000    000003ac     frameworkcfg.obj (.cinit)
                  000273ac    00000004     --HOLE-- [fill = 0]
                  000273b0    000002dc     bios.a64 : biosdata.o64 (.cinit)
                  0002768c    00000004     --HOLE-- [fill = 0]
                  00027690    00000244     rts6400.lib : defs.obj (.cinit)
                  000278d4    00000004     --HOLE-- [fill = 0]
                  000278d8    0000012c     cslDM642.lib : csl_irq.obj (.cinit)
                  00027a04    00000004     --HOLE-- [fill = 0]
                  00027a08    000000a8     bios.a64 : knl.o64 (.cinit)
                  00027ab0    00000080     cslDM642.lib : csl_edma.obj (.cinit)
                  00027b30    00000074                  : csl_dat.obj (.cinit)
                  00027ba4    00000004     --HOLE-- [fill = 0]
                  00027ba8    0000005c     rts6400.lib : lowlev.obj (.cinit)
                  00027c04    00000004     --HOLE-- [fill = 0]
                  00027c08    0000005c     cslDM642.lib : csl_timer.obj (.cinit)
                  00027c64    00000004     --HOLE-- [fill = 0]
                  00027c68    0000004c     bios.a64 : tsk.o64 (.cinit)
                  00027cb4    00000004     --HOLE-- [fill = 0]
                  00027cb8    00000048              : knl.o64 (.cinit:c)
                  00027d00    00000044     cslDM642.lib : csl_gpio.obj (.cinit)
                  00027d44    00000004     --HOLE-- [fill = 0]
                  00027d48    0000003c                  : csl.obj (.cinit)
                  00027d84    00000004     --HOLE-- [fill = 0]
                  00027d88    0000002c     bios.a64 : tsk_stup.o64 (.cinit)
                  00027db4    00000004     --HOLE-- [fill = 0]
                  00027db8    0000002c              : utl_putc.o64 (.cinit)
                  00027de4    00000004     --HOLE-- [fill = 0]
                  00027de8    0000002c     rts6400.lib : exit.obj (.cinit)
                  00027e14    00000004     --HOLE-- [fill = 0]
                  00027e18    00000028     dm642init.obj (.cinit)
                  00027e40    00000024     bios.a64 : obj_init.o64 (.cinit)
                  00027e64    00000004     --HOLE-- [fill = 0]
                  00027e68    0000001c     cslDM642.lib : csl_i2c.obj (.cinit)
                  00027e84    00000004     --HOLE-- [fill = 0]
                  00027e88    0000001c     rts6400.lib : _lock.obj (.cinit)
                  00027ea4    00000004     --HOLE-- [fill = 0]
                  00027ea8    0000001c     bios.a64 : hwi.o64 (.cinit)
                  00027ec4    00000004     --HOLE-- [fill = 0]
                  00027ec8    00000018              : knl_tick.o64 (.cinit)
                  00027ee0    00000010              : tsk.o64 (.cinit:c)
                  00027ef0    00000010              : sys.o64 (.cinit:c)
                  00027f00    00000010              : gbl.o64 (.cinit:c)
                  00027f10    00000010              : clk_start6x.o64 (.cinit)
                  00027f20    0000000c              : sem_crea.o64 (.cinit)
                  00027f2c    00000004     --HOLE-- [fill = 0]
                  00027f30    0000000c     cslDM642.lib : csl_cache.obj (.cinit)
                  00027f3c    00000004     --HOLE-- [fill = 0]
                  00027f40    0000000c     bios.a64 : knl_swit.o64 (.cinit)
                  00027f4c    00000008     --HOLE-- [fill = 0]

.trcdata   0    00027f54    0000000c     
                  00027f54    0000000c     frameworkcfg.obj (.trcdata)

.rtdx_text 
*          0    00027f60    00000620     
                  00027f60    00000600     rtdx64xx.lib : rtdx_mon.o64 (.rtdx_text)
                  00028560    00000020                  : intr_tgt.o64 (.rtdx_text)

.const     0    00028580    0000027a     
                  00028580    00000101     rts6400.lib : ctype.obj (.const)
                  00028681    00000002                 : fputs.obj (.const)
                  00028683    00000001     bios.a64 : tsk.o64 (.const)
                  00028684    00000050     dm642init.obj (.const)
                  000286d4    00000040     _iic.obj (.const)
                  00028714    00000004     bios.a64 : mem_allo.o64 (.const)
                  00028718    00000020     cslDM642.lib : csl_cache.obj (.const)
                  00028738    0000004f     main.obj (.const)
                  00028787    0000002a     rts6400.lib : _printfi.obj (.const)
                  000287b1    00000023     bios.a64 : utl_doab.o64 (.const)
                  000287d4    00000022              : utl_doer.o64 (.const)
                  000287f6    00000004              : mem_free.o64 (.const)

.args      0    000287fa    00000004     
                  000287fa    00000004     --HOLE-- [fill = 00000000]

.hwi_vec   0    00028800    00000200     
                  00028800    00000200     frameworkcfg.obj (.hwi_vec)

.bss       0    00028a00    000004a8     UNINITIALIZED
                  00028a00    00000134     bios.a64 : biosdata.o64 (.bss)
                  00028b34    00000100              : hwi_disp_asm64 (.bss)
                  00028c34    00000004              : gbl_cslinit62.o (.bss)
                  00028c38    000000e0              : knl.o64 (.bss)
                  00028d18    00000078     frameworkcfg.obj (.bss)
                  00028d90    00000040     bios.a64 : knl.o64 (.bss:c)
                  00028dd0    00000038              : tsk.o64 (.bss)
                  00028e08    00000024              : tsk_stup.o64 (.bss)
                  00028e2c    00000004              : sem_crea.o64 (.bss)
                  00028e30    00000020              : sys.o64 (.bss)
                  00028e50    0000001c              : obj_init.o64 (.bss)
                  00028e6c    00000010              : knl_tick.o64 (.bss)
                  00028e7c    00000008              : gbl.o64 (.bss:c)
                  00028e84    00000008              : sys.o64 (.bss:c)
                  00028e8c    00000008              : tsk.o64 (.bss:c)
                  00028e94    00000004              : mem_asm.o64 (.bss)
                  00028e98    00000008              : clk_start6x.o64 (.bss)
                  00028ea0    00000008              : hwi.o64 (.bss)

.rtdx_data 
*          0    00028ea8    00000430     UNINITIALIZED
                  00028ea8    00000410     frameworkcfg.obj (.rtdx_data)
                  000292b8    00000020     rtdx64xx.lib : rtdx_mon.o64 (.rtdx_data)

.TSK_idle$stk 
*          0    000292d8    00000400     UNINITIALIZED
                  000292d8    00000400     frameworkcfg.obj (.TSK_idle$stk)

.idl       0    000296d8    00000008     UNINITIALIZED
                  000296d8    00000004     frameworkcfg.obj (.idl)
                  000296dc    00000004     frameworkcfg.obj (.idlcal)

.sysinit   0    000296e0    000002e0     
                  000296e0    00000220     frameworkcfg.obj (.sysinit)
                  00029900    000000c0     bios.a64 : boot.o64 (.sysinit)

.trace     0    000299c0    00000200     
                  000299c0    00000200     --HOLE-- [fill = 00000000]

.sts       0    00029bc0    00000060     
                  00029bc0    00000060     frameworkcfg.obj (.sts)

.gblinit   0    00029c20    00000034     
                  00029c20    00000034     frameworkcfg.obj (.gblinit)

.swi       0    00029c54    0000002c     UNINITIALIZED
                  00029c54    0000002c     frameworkcfg.obj (.swi)

.gio       0    00029c80    00000010     UNINITIALIZED
                  00029c80    00000010     frameworkcfg.obj (.gio)

.pinit     0    00029c90    0000000c     
                  00029c90    00000004     rtdx64xx.lib : rtdx_mon.o64 (.pinit)
                  00029c94    00000008     --HOLE-- [fill = 0]


GLOBAL SYMBOLS: SORTED ALPHABETICALLY BY Name 

address    name
--------   ----
00028a00   $bss
00028a00   .bss
00000008   .data
00016820   .text
000296e0   BIOS_init
00029888   BIOS_start
00000000   BUF$
00000001   BUF_ENABLED
0001f3d8   C$$IO$$
00000001   CLK$
00016818   CLK_A_TABBEG
00016820   CLK_A_TABEND
00000008   CLK_A_TABLEN
000124f8   CLK_COUNTSPMS
00000001   CLK_COUNTSPMSHIGH
00028a28   CLK_D_idletime
00028a24   CLK_D_isrhook
00028a20   CLK_D_tabbeg
00028a1c   CLK_D_timefxn
00021120   CLK_F_getfhtime
00021140   CLK_F_gethtime
000211b4   CLK_F_getltime
00021140   CLK_F_getshtime
000211c0   CLK_F_isr
00021310   CLK_F_itime
00020680   CLK_HOOKFXN
00004000   CLK_INTBIT
000124f8   CLK_PRD
00000001   CLK_PRDHIGH
01940000   CLK_REGS
00028a18   CLK_R_time
00000020   CLK_TCR
00000000   CLK_TDDR
00000000   CLK_TDDRHIGH
00021140   CLK_TIMEFXN
00000000   CLK_TIMERNUM
00000001   CLK_USETIMER
0001681c   CLK_null
00000000   DEV$
00000000   DGN$
00000000   DHL$
00000000   DHL_gChannelsAvailable
00000000   DIO$
00000000   DIO_NUMSWIBASE
00000000   DIO_NUMTSKBASE
00000000   DIO_STATIC
00000000   DPI$
00022a80   FXN_F_nop
00022a88   FXN_F_run
00022ad8   FXN_F_zero
00000001   GBL$
00000490   GBL_A_VERSION
00000000   GBL_BIGENDIAN
00000000   GBL_C641XL2PRIORITY
00000000   GBL_CACHE
00000001   GBL_CALLCSLCFGINIT
00000000   GBL_ENABLEINST
00000042   GBL_FOOTPRINT
00023120   GBL_F_version
00002226   GBL_L2ALLOC
00000000   GBL_L2CONFIGALLOC
00000000   GBL_L2CONFIGURE
00000000   GBL_L2MARMASK
00000000   GBL_L2MARMASK1
00000000   GBL_L2MARMASK2
00000000   GBL_L2MARMASK3
00000000   GBL_L2MARMASK4
00000000   GBL_L2MARMASK5
00000000   GBL_L2MODE
00000000   GBL_L2PRIORITY
00000000   GBL_NULL
00000000   GBL_ROM
00000001   GBL_SUPPORTCSL
00004000   GBL_TRCMASKVALUE
00000001   GBL_USERINIT
000199e8   GBL_USERINITFXN
00000001   GBL_boot
00027f5c   GBL_initdone
00023240   GBL_stackbeg
0002423f   GBL_stackend
00000001   GIO$
00029c80   GIO$config
00022ce0   GIO_CREATEFXN
00023160   GIO_DELETEFXN
00022d40   GIO_PENDFXN
00022da0   GIO_POSTFXN
00000000   HOOK$
00000000   HOOK_KNLID
00000000   HST$
00000008   HST_A_TABBEG
00000008   HST_A_TABEND
00000000   HST_A_TABLEN
00000000   HST_DSM
00028d2c   HST_DSMBUFSEG
00000400   HST_DSMMEMSIZE
00028b18   HST_D_chanmask
00000100   HST_MAXFRAMEALLOWED
00000000   HST_MAXFRAMESET
00000001   HST_NONE
00000000   HST_RTDX
00000001   HWI$
00028800   HWI_A_VECS
00028ea0   HWI_D_ccmask
00020680   HWI_F_dispatch
00000000   HWI_GENERATE_RESET_VEC
0000000a   HWI_INT10
0000000b   HWI_INT11
0000000c   HWI_INT12
0000000d   HWI_INT13
0000000e   HWI_INT14
0000000f   HWI_INT15
00000004   HWI_INT4
00000005   HWI_INT5
00000006   HWI_INT6
00000007   HWI_INT7
00000008   HWI_INT8
00000009   HWI_INT9
082039a3   HWI_INTRMULTHIGH
250718a4   HWI_INTRMULTLOW
00000001   HWI_NMI
00000000   HWI_POLARITYMASK
00000002   HWI_RESERVED0
00000003   HWI_RESERVED1
00000000   HWI_RESET
00000000   HWI_ZEROTAB
00000000   IDL$
000296dc   IDL_A_CALBEG
000296e0   IDL_A_CALEND
00000000   IDL_A_CALLEN
000296d8   IDL_A_TABBEG
000296dc   IDL_A_TABEND
00000000   IDL_A_TABLEN
00000000   IDL_CALIBRFXN
00028a08   IDL_D_calbeg
00028a04   IDL_D_calibrate
00028a00   IDL_D_tabbeg
000296d8   IDL_END
000296dc   IDL_END$
00023100   IDL_F_loop
00000000   IDL_USECLKIDLTIME
00028d2c   ISRAM
00000008   ISRAM$B
00016800   ISRAM$L
00000001   ISRC$
00021c50   KNL_glue
00029c54   KNL_swi
00029bc4   KNL_swi$sts
00029bc0   KNL_swi$sts$stsobj
00000001   LCK$
00000001   LOG$
00024fd0   LOG_A_TABBEG
00025000   LOG_A_TABEND
00000002   LOG_A_TABLEN
00028a0c   LOG_D_system
00000001   LOG_ENABLED
00022c00   LOG_F_event
00024fd0   LOG_system
00025000   LOG_system$buf
00000400   LOG_system$size
00000000   MBX$
00000001   MEM$
00028d2c   MEM_MALLOCSEG
00000000   MEM_NULL
00028d2c   MEM_SEGZERO
00000001   MEM_gNumHeap
00000000   OBJ$
00000000   PIP$
00000008   PIP_A_TABBEG
00000008   PIP_A_TABEND
00000000   PIP_A_TABLEN
00028a10   PIP_D_tabbeg
00028a14   PIP_D_tablen
00000000   PIP_gNextId
00000000   PIP_gNumEmbed
00000001   PRD$
00000008   PRD_A_TABBEG
00000008   PRD_A_TABEND
00000000   PRD_A_TABLEN
00028ad4   PRD_D_cur
00028ad8   PRD_D_elapsed
00028adc   PRD_D_prevtim
00028ae0   PRD_D_scalar
00028ae4   PRD_D_swihandle
00028ae8   PRD_D_tabbeg
00028aec   PRD_D_tablen
00028af0   PRD_D_thook
00028ad0   PRD_D_tick
00020e00   PRD_F_swi
0002105c   PRD_F_tick
00004000   PRD_SCALAR
00000000   PRD_SWIHANDLE
00022078   PRD_THOOKFXN
00016818   PRD_clock
00000001   QUE$
00028af4   RTA_D_fromHost
00028afc   RTA_D_logval
00028b0c   RTA_D_stsval
00028af8   RTA_D_toHost
00000001   RTDX$
00000408   RTDX_BUFMEMSIZE
00028d2c   RTDX_DATAMEMSEG
00000001   RTDX_USERTDX
00000000   RTDX_USERTEXECUTION
00000000   SEM$
00000000   SIO$
00000001   STS$
00029bc0   STS_A_TABBEG
00029c20   STS_A_TABEND
00000006   STS_A_TABLEN
00022e10   STS_F_add
00022e00   STS_F_delta
00022e3c   STS_F_reset
00000001   SWI$
00029c54   SWI_A_TABBEG
00029c80   SWI_A_TABEND
00000001   SWI_A_TABLEN
00028a38   SWI_D_curfxn
00028a2c   SWI_D_curmask
00028a3c   SWI_D_curmbox
00028a30   SWI_D_curset
00028a54   SWI_D_ehook
00028a44   SWI_D_execaddr
00028a50   SWI_D_ihook
00028a40   SWI_D_lock
00028a34   SWI_D_pending
00028a4c   SWI_D_rdybeg
00028a58   SWI_D_rdytab
00028a48   SWI_D_runaddr
00000000   SWI_EHOOKFXN
00020238   SWI_EXECFXN
0001ffa0   SWI_F_enable
000201c0   SWI_F_exec
00020238   SWI_F_iexec
00020028   SWI_F_post
00020400   SWI_F_run
00000000   SWI_IHOOKFXN
00020400   SWI_RUNFXN
00000001   SYS$
00016808   SYS$config
000230c0   SYS_ABORTFXN
00023180   SYS_ERRORFXN
00023140   SYS_EXITFXN
00022c80   SYS_PUTCFXN
00027f58   TRC_R_mask
00027f54   TRC_cinit
00000001   TSK$
00000000   TSK_NUM_HOOKS
00000001   TSK_PRIORITY
00000000   TSK_READYFXN
00000000   TSK_STACKSEG
00000400   TSK_STACKSIZE
00000000   TSK_SWITCHFXN
000231a0   TSK_VCREATEFXN
000231a0   TSK_VDELETEFXN
000231a0   TSK_VEXITFXN
00024f7c   TSK_idle
000292d8   TSK_idle$stack
00029670   TSK_idle$stkptr
00000000   UDEV$
00022820   _ATM_andi
00022820   _ATM_andu
00022840   _ATM_cleari
00022840   _ATM_clearu
00022858   _ATM_deci
00022858   _ATM_decu
00022874   _ATM_inci
00022874   _ATM_incu
00022890   _ATM_ori
00022890   _ATM_oru
000228ac   _ATM_seti
000228ac   _ATM_setu
000296e0   _BIOS_init
00029888   _BIOS_start
0001c020   _CACHE_clean
0001f920   _CACHE_enableCaching
0001a1e0   _CACHE_flush
0001ed20   _CACHE_reset
0001a9c0   _CACHE_setL2Mode
0001e260   _CACHE_setL2Queue
0001fc80   _CACHE_setPriL2Req
0001ac40   _CACHE_wait
0001d760   _CACHE_wbInvL1d
000124f8   _CLK_COUNTSPMS
00021310   _CLK_F_itime
000124f8   _CLK_PRD
01940000   _CLK_REGS
00000000   _CLK_TDDR
00000000   _CLK_TIMERNUM
00000001   _CLK_USETIMER
000231c0   _CLK_countspms
000231e0   _CLK_getltime
00023220   _CLK_getprd
00021310   _CLK_itime
00022b00   _CLK_start
00022b00   _CLK_start6x
0001fd60   _CSLDM642_LIB_
0001fd80   _CSL_cfgInit
00019300   _DAT_open
0001eea0   _DAT_wait
0001e700   _EDMA_intAlloc
0001fc00   _EDMA_intFree
00024df4   _EMBGPIO_handle
00024df0   _EMBI2C_handle
0001f3e0   _EMIFA_config
00024df8   _EVM642VIDEOIIC_WriteConfig
000231a0   _FXN_F_nop
00022a88   _FXN_F_run
00022ad8   _FXN_F_zero
00000000   _GBL_CACHE
00022a00   _GBL_cslInit
00028c34   _GBL_cslTimerHandle
00028e7c   _GBL_irqEventTable
00028e80   _GBL_irqIntTable
00028d24   _GIO
0001ede0   _GPIO_open
0001e960   _GPIO_reset
0001e8a0   _HOSTclose
0001d420   _HOSTlseek
0001ce40   _HOSTopen
0001e360   _HOSTread
0001b340   _HOSTrename
0001db60   _HOSTunlink
0001da60   _HOSTwrite
00000008   _HST_A_TABBEG
00000008   _HST_A_TABEND
00000000   _HST_A_TABLEN
00028ea4   _HWI_D_spsave
00020680   _HWI_F_dispatch
0000000a   _HWI_INT10
0000000b   _HWI_INT11
0000000c   _HWI_INT12
0000000d   _HWI_INT13
0000000e   _HWI_INT14
0000000f   _HWI_INT15
00000004   _HWI_INT4
00000005   _HWI_INT5
00000006   _HWI_INT6
00000007   _HWI_INT7
00000008   _HWI_INT8
00000009   _HWI_INT9
00000001   _HWI_NMI
00000002   _HWI_RESERVED0
00000003   _HWI_RESERVED1
00000000   _HWI_RESET
00024238   _HWI_STKBOTTOM
00023240   _HWI_STKTOP
00022e60   _HWI_disable
00028b34   _HWI_dispatchTab
00022e78   _HWI_enable
00022e8c   _HWI_restore
0001fde0   _I2C_bb
0001f5a0   _I2C_config
0001f8a0   _I2C_getConfig
0001e620   _I2C_open
0001fdc0   _I2C_outOfReset
0001fda0   _I2C_readByte
0001c680   _I2C_reset
0001fe40   _I2C_rrdy
0001ff20   _I2C_sendStop
0001ff00   _I2C_start
0001fd00   _I2C_writeByte
0001fd40   _I2C_xrdy
00023100   _IDL_loop
0001fec0   _IRQ_enable
0001fe00   _IRQ_globalDisable
0001fe20   _IRQ_globalRestore
00028d2c   _ISRAM
00000008   _ISRAM_base
00016800   _ISRAM_length
00028d98   _KNL_alarm
00022fe0   _KNL_check
00028db8   _KNL_curqueue
00028dac   _KNL_curtask
00028db4   _KNL_curtime
00028cd8   _KNL_dummy
00022b80   _KNL_enter
00022b98   _KNL_exit
00023004   _KNL_idle
00028d14   _KNL_idlefxn
00028da0   _KNL_inactive
00022780   _KNL_ipost
00023020   _KNL_max
00028dbc   _KNL_maxqueue
000226e0   _KNL_post
00028db0   _KNL_prevtask
00028da4   _KNL_priority
00028c38   _KNL_queues
00021760   _KNL_run
00021b00   _KNL_saveIsrFrame
00028da8   _KNL_set
00028d9c   _KNL_setpri
00029c54   _KNL_swi
00028d10   _KNL_swiptr
00021ba8   _KNL_switch
00028dc4   _KNL_tcreatefxn
00028dc8   _KNL_tdeletefxn
00022078   _KNL_tick
00028dcc   _KNL_treadyfxn
00028dc0   _KNL_tswitchfxn
00028d90   _KNL_wFlag
00028d94   _KNL_wList
000224e8   _LCK_pend
000224a0   _LCK_post
00024fd0   _LOG_A_TABBEG
00025000   _LOG_A_TABEND
00000002   _LOG_A_TABLEN
00028a0c   _LOG_D_system
00022c00   _LOG_event
00024fd0   _LOG_system
00028e94   _MEM
00028b1c   _MEM_D_NUMSEGMENTS
00028b24   _MEM_D_freelist
00028b28   _MEM_D_lockaddr
00028b20   _MEM_D_memtab
00028b2c   _MEM_D_unlockaddr
00021360   _MEM_alloc
00021560   _MEM_free
00022560   _MEM_init
00028d18   _MEM_memtab
00022960   _MEM_valloc
00022620   _OBJ_create
000223e0   _OBJ_delete
00023200   _OBJ_init
00028e50   _OBJ_segtab
00028d30   _OBJ_table
00000008   _PIP_A_TABBEG
00000008   _PIP_A_TABEND
00000000   _PIP_A_TABLEN
00028ad0   _PRD_D_tick
00016818   _PRD_clock
00022f80   _QUE_get
00022fa8   _QUE_put
00028ea8   _RTDX_Buffer
000292b4   _RTDX_Buffer_End
000292b0   _RTDX_Buffer_Start
00028074   _RTDX_Final_RT_Monitor
00028088   _RTDX_Init_RT_Monitor
00028538   _RTDX_IsFlowEnabled
00000002   _RTDX_JTAGONLY
00028560   _RTDX_Mask_IER
000283f0   _RTDX_Mon_Queue
00028128   _RTDX_Poll
00027f60   _RTDX_SetInterrupt
00028578   _RTDX_Set_IER
00000000   _RTDX_interrupt_mask
00028e2c   _SEM_ATTRS
00022ce0   _SEM_create
00023160   _SEM_delete
00022d40   _SEM_pend
00021940   _SEM_pendEnterKnl
00022da0   _SEM_post
00023080   _SEM_postEnterKnl
00029bc0   _STS_A_TABBEG
00029c20   _STS_A_TABEND
00000006   _STS_A_TABLEN
00022e10   _STS_add
00022e00   _STS_delta
00022e3c   _STS_reset
00028a38   _SWI_D_curfxn
00028a2c   _SWI_D_curmask
00028a40   _SWI_D_lock
00028a4c   _SWI_D_rdybeg
00023040   _SWI_post
00028b30   _SYS
000299c0   _SYS_PUTCBEG
00029bbf   _SYS_PUTCEND
00022f20   _SYS_error
000228c0   _SYS_exit
00028e30   _SYS_exitStack
00028e84   _SYS_exitStackPtr
00028e88   _SYS_exitStackTop
0001fb00   _TIMER_configArgs
0001d540   _TIMER_open
0001d300   _TIMER_reset
0001fc40   _TIMER_start
00027f58   _TRC_R_mask
00028d88   _TSK
00028dd0   _TSK_ATTRS
00021de0   _TSK_exit
00024f7c   _TSK_idle
00022ec0   _TSK_init
00028e8c   _TSK_nTasks
00028e90   _TSK_pid
000220a0   _TSK_setup
00022314   _TSK_startup
00028dec   _TSK_timerSem
000230c0   _UTL_doAbort
00023180   _UTL_doError
00022c80   _UTL_doPutc
00023140   _UTL_halt
00024e50   __CIOBUF_
00021324   __CLK_lat1beg
00021350   __CLK_lat1end
0001b560   __CSL_init
00024d28   __DAT_serialTable
00024e38   __DAT_stateStruct
00024db0   __GPIO_intTable
00028d8c   __HOOK_NUMHOOKS
00028d28   __HOOK_knlId
00016be8   __IIC_read_rev
00016820   __IIC_write
00024af0   __IRQ_dispatchTable
00024a28   __IRQ_eventTable
0001fd20   __IRQ_hookFetchPacket
0001f520   __IRQ_init
00024ab0   __IRQ_intTable
00022c00   __LOG_lat1beg
00022c44   __LOG_lat1end1
00022c70   __LOG_lat1end2
00022f80   __QUE_lat1beg
00022fa0   __QUE_lat1end
00022fa8   __QUE_lat2beg
00022fc0   __QUE_lat2end
000221c0   __SEM_dopost
00001000   __STACK_SIZE
00020130   __SWI_lat1beg
000201bc   __SWI_lat1end1
00020278   __SWI_lat1end2
00020314   __SWI_lat2beg
000203fc   __SWI_lat2end2
0001ffa0   __SWI_lat3beg
00020024   __SWI_lat3end
00024d70   __TIMER_deviceTable
00024d9c   __TIMER_hBios
00024d94   __TIMER_hDev0
00024d98   __TIMER_hDev1
00028e08   __TSK_mutex
ffffffff   ___binit__
00028a00   ___bss__
000287fa   ___c_args__
00027000   ___cinit__
00000008   ___data__
00000008   ___edata__
00028ea8   ___end__
0001ffa0   ___etext__
00029c90   ___pinit__
00016820   ___text__
0001c7e0   __addd
00021c80   __auto_init
0001e540   __cleanup
00024c50   __cleanup_ptr
0001f480   __cmpd
00028580   __ctypes_
0001be60   __divd
0001d660   __divi
0001eae0   __divli
0001eba0   __divu
0001b920   __divul
0001a720   __divull
0001ec60   __doflush
00024c54   __dtors_ptr
0001f020   __fixdi
0001f0c0   __fixdli
0001f9e0   __fltid
0001b100   __frcaddd
00019640   __frcdivd
0001d0c0   __frcmpyd
000245b0   __ft_end
00024240   __ftable
00024dc4   __hGpioDev0
0001f720   __llshl
0001fb60   __llshru
00024e44   __lock
0001bae0   __mpyd
0001f2a0   __mpyll
0001fbc0   __negd
0001fe80   __negll
0001fe60   __nop
00017d00   __printfi
0001ff60   __register_lock
0001ff40   __register_unlock
0001f160   __remli
00023240   __stack
0001fa40   __subcull
0001fcc0   __subd
00024470   __tmpnams
00024e48   __unlock
0001d860   __wrt_ok
0001e7e0   _atexit
0001c940   _atoi
00029900   _c_int00
00020c38   _calloc
00019c20   _check_id
0001dd60   _close
0001faa0   _dbg_output
000199e8   _dm642_init
000178e0   _ecvt
0001ca80   _fclose
000174a0   _fcvt
0001cf80   _fputc
00018fc0   _fputs
00020cc0   _free
0001e160   _fseek
0001df60   _lseek
0001d960   _ltoa
00019c94   _main
00020ac0   _malloc
00020b28   _memalign
0001f620   _memccpy
0001f7a0   _memcpy
0001e060   _memset
0001f980   _puts
0001ef60   _readmsg
00020d00   _realloc
0001ff80   _remove
0001f200   _renormd
000292b8   _rtdx_mon_state
0001b740   _setvbuf
00029c14   _stsCapTime
00029bd4   _stsCycleTime
00029be4   _stsDispTime
00029bf4   _stsExeTimeChJpegDec
00029c04   _stsExeTimeChJpegEnc
00024cd8   _tccAllocTable
00024fe8   _trace
0001f820   _unlink
0001f6a0   _vprintf
0001de60   _write
0001f340   _writemsg
ffffffff   binit
00027000   cinit
00000008   edata
00028ea8   end
0001ffa0   etext
00028800   hwi0
00028820   hwi1
00028940   hwi10
00028960   hwi11
00028980   hwi12
000289a0   hwi13
000289c0   hwi14
000289e0   hwi15
00028840   hwi2
00028860   hwi3
00028880   hwi4
000288a0   hwi5
000288c0   hwi6
000288e0   hwi7
00028900   hwi8
00028920   hwi9
00029c90   pinit
00029c14   stsCapTime
00029c10   stsCapTime$stsobj
00029bd4   stsCycleTime
00029bd0   stsCycleTime$stsobj
00029be4   stsDispTime
00029be0   stsDispTime$stsobj
00029bf4   stsExeTimeChJpegDec
00029bf0   stsExeTimeChJpegDec$stsobj
00029c04   stsExeTimeChJpegEnc
00029c00   stsExeTimeChJpegEnc$stsobj
00024fe8   trace
00026000   trace$buf
00000400   trace$size


GLOBAL SYMBOLS: SORTED BY Symbol Address 

address    name
--------   ----
00000000   GBL_L2CONFIGURE
00000000   GBL_L2MARMASK
00000000   GBL_L2CONFIGALLOC
00000000   GBL_ENABLEINST
00000000   IDL_USECLKIDLTIME
00000000   GBL_L2MARMASK4
00000000   GBL_L2MARMASK5
00000000   GBL_L2MARMASK3
00000000   GBL_L2MARMASK1
00000000   GBL_L2MARMASK2
00000000   DIO_STATIC
00000000   DPI$
00000000   DIO_NUMTSKBASE
00000000   DIO$
00000000   DIO_NUMSWIBASE
00000000   GBL_C641XL2PRIORITY
00000000   GBL_CACHE
00000000   GBL_BIGENDIAN
00000000   MBX$
00000000   _HWI_RESET
00000000   GBL_L2MODE
00000000   HST_RTDX
00000000   HOOK$
00000000   HWI_GENERATE_RESET_VEC
00000000   HWI_RESET
00000000   HWI_POLARITYMASK
00000000   HST_DSM
00000000   HST_A_TABLEN
00000000   HST_MAXFRAMESET
00000000   HOOK_KNLID
00000000   HST$
00000000   _PIP_A_TABLEN
00000000   IDL_CALIBRFXN
00000000   GBL_ROM
00000000   GBL_L2PRIORITY
00000000   GBL_NULL
00000000   IDL$
00000000   HWI_ZEROTAB
00000000   IDL_A_CALLEN
00000000   IDL_A_TABLEN
00000000   _RTDX_interrupt_mask
00000000   DHL_gChannelsAvailable
00000000   PRD_SWIHANDLE
00000000   _HST_A_TABLEN
00000000   RTDX_USERTEXECUTION
00000000   TSK_STACKSEG
00000000   PIP_gNumEmbed
00000000   PIP_gNextId
00000000   PRD_A_TABLEN
00000000   BUF$
00000000   UDEV$
00000000   SWI_EHOOKFXN
00000000   _CLK_TDDR
00000000   _CLK_TIMERNUM
00000000   SIO$
00000000   SEM$
00000000   _GBL_CACHE
00000000   TSK_SWITCHFXN
00000000   MEM_NULL
00000000   OBJ$
00000000   DEV$
00000000   CLK_TIMERNUM
00000000   TSK_NUM_HOOKS
00000000   SWI_IHOOKFXN
00000000   CLK_TDDRHIGH
00000000   PIP_A_TABLEN
00000000   TSK_READYFXN
00000000   DHL$
00000000   CLK_TDDR
00000000   PIP$
00000000   DGN$
00000001   TSK$
00000001   TSK_PRIORITY
00000001   HST_NONE
00000001   HWI$
00000001   SYS$
00000001   HWI_NMI
00000001   LOG$
00000001   LCK$
00000001   ISRC$
00000001   LOG_ENABLED
00000001   MEM_gNumHeap
00000001   MEM$
00000001   _HWI_NMI
00000001   PRD$
00000001   SWI$
00000001   _CLK_USETIMER
00000001   SWI_A_TABLEN
00000001   STS$
00000001   QUE$
00000001   RTDX$
00000001   RTDX_USERTDX
00000001   GBL_USERINIT
00000001   GBL_SUPPORTCSL
00000001   GBL_CALLCSLCFGINIT
00000001   GIO$
00000001   BUF_ENABLED
00000001   GBL_boot
00000001   CLK_USETIMER
00000001   GBL$
00000001   CLK$
00000001   CLK_COUNTSPMSHIGH
00000001   CLK_PRDHIGH
00000002   HWI_RESERVED0
00000002   _HWI_RESERVED0
00000002   LOG_A_TABLEN
00000002   _RTDX_JTAGONLY
00000002   _LOG_A_TABLEN
00000003   _HWI_RESERVED1
00000003   HWI_RESERVED1
00000004   HWI_INT4
00000004   _HWI_INT4
00000005   HWI_INT5
00000005   _HWI_INT5
00000006   STS_A_TABLEN
00000006   _HWI_INT6
00000006   _STS_A_TABLEN
00000006   HWI_INT6
00000007   HWI_INT7
00000007   _HWI_INT7
00000008   PRD_A_TABEND
00000008   ___data__
00000008   _PIP_A_TABBEG
00000008   PRD_A_TABBEG
00000008   _PIP_A_TABEND
00000008   CLK_A_TABLEN
00000008   _HWI_INT8
00000008   HST_A_TABBEG
00000008   ___edata__
00000008   edata
00000008   PIP_A_TABEND
00000008   ISRAM$B
00000008   _ISRAM_base
00000008   PIP_A_TABBEG
00000008   _HST_A_TABBEG
00000008   .data
00000008   HST_A_TABEND
00000008   HWI_INT8
00000008   _HST_A_TABEND
00000009   HWI_INT9
00000009   _HWI_INT9
0000000a   _HWI_INT10
0000000a   HWI_INT10
0000000b   HWI_INT11
0000000b   _HWI_INT11
0000000c   HWI_INT12
0000000c   _HWI_INT12
0000000d   HWI_INT13
0000000d   _HWI_INT13
0000000e   _HWI_INT14
0000000e   HWI_INT14
0000000f   HWI_INT15
0000000f   _HWI_INT15
00000020   CLK_TCR
00000042   GBL_FOOTPRINT
00000100   HST_MAXFRAMEALLOWED
00000400   LOG_system$size
00000400   HST_DSMMEMSIZE
00000400   trace$size
00000400   TSK_STACKSIZE
00000408   RTDX_BUFMEMSIZE
00000490   GBL_A_VERSION
00001000   __STACK_SIZE
00002226   GBL_L2ALLOC
00004000   CLK_INTBIT
00004000   PRD_SCALAR
00004000   GBL_TRCMASKVALUE
000124f8   CLK_PRD
000124f8   _CLK_COUNTSPMS
000124f8   _CLK_PRD
000124f8   CLK_COUNTSPMS
00016800   _ISRAM_length
00016800   ISRAM$L
00016808   SYS$config
00016818   PRD_clock
00016818   _PRD_clock
00016818   CLK_A_TABBEG
0001681c   CLK_null
00016820   ___text__
00016820   .text
00016820   __IIC_write
00016820   CLK_A_TABEND
00016be8   __IIC_read_rev
000174a0   _fcvt
000178e0   _ecvt
00017d00   __printfi
00018fc0   _fputs
00019300   _DAT_open
00019640   __frcdivd
000199e8   GBL_USERINITFXN
000199e8   _dm642_init
00019c20   _check_id
00019c94   _main
0001a1e0   _CACHE_flush
0001a720   __divull
0001a9c0   _CACHE_setL2Mode
0001ac40   _CACHE_wait
0001b100   __frcaddd
0001b340   _HOSTrename
0001b560   __CSL_init
0001b740   _setvbuf
0001b920   __divul
0001bae0   __mpyd
0001be60   __divd
0001c020   _CACHE_clean
0001c680   _I2C_reset
0001c7e0   __addd
0001c940   _atoi
0001ca80   _fclose
0001ce40   _HOSTopen
0001cf80   _fputc
0001d0c0   __frcmpyd
0001d300   _TIMER_reset
0001d420   _HOSTlseek
0001d540   _TIMER_open
0001d660   __divi
0001d760   _CACHE_wbInvL1d
0001d860   __wrt_ok
0001d960   _ltoa
0001da60   _HOSTwrite
0001db60   _HOSTunlink
0001dd60   _close
0001de60   _write
0001df60   _lseek
0001e060   _memset
0001e160   _fseek
0001e260   _CACHE_setL2Queue
0001e360   _HOSTread
0001e540   __cleanup
0001e620   _I2C_open
0001e700   _EDMA_intAlloc
0001e7e0   _atexit
0001e8a0   _HOSTclose
0001e960   _GPIO_reset
0001eae0   __divli
0001eba0   __divu
0001ec60   __doflush
0001ed20   _CACHE_reset
0001ede0   _GPIO_open
0001eea0   _DAT_wait
0001ef60   _readmsg
0001f020   __fixdi
0001f0c0   __fixdli
0001f160   __remli
0001f200   _renormd
0001f2a0   __mpyll
0001f340   _writemsg
0001f3d8   C$$IO$$
0001f3e0   _EMIFA_config
0001f480   __cmpd
0001f520   __IRQ_init
0001f5a0   _I2C_config
0001f620   _memccpy
0001f6a0   _vprintf
0001f720   __llshl
0001f7a0   _memcpy
0001f820   _unlink
0001f8a0   _I2C_getConfig
0001f920   _CACHE_enableCaching
0001f980   _puts
0001f9e0   __fltid
0001fa40   __subcull
0001faa0   _dbg_output
0001fb00   _TIMER_configArgs
0001fb60   __llshru
0001fbc0   __negd
0001fc00   _EDMA_intFree
0001fc40   _TIMER_start
0001fc80   _CACHE_setPriL2Req
0001fcc0   __subd
0001fd00   _I2C_writeByte
0001fd20   __IRQ_hookFetchPacket
0001fd40   _I2C_xrdy
0001fd60   _CSLDM642_LIB_
0001fd80   _CSL_cfgInit
0001fda0   _I2C_readByte
0001fdc0   _I2C_outOfReset
0001fde0   _I2C_bb
0001fe00   _IRQ_globalDisable
0001fe20   _IRQ_globalRestore
0001fe40   _I2C_rrdy
0001fe60   __nop
0001fe80   __negll
0001fec0   _IRQ_enable
0001ff00   _I2C_start
0001ff20   _I2C_sendStop
0001ff40   __register_unlock
0001ff60   __register_lock
0001ff80   _remove
0001ffa0   SWI_F_enable
0001ffa0   __SWI_lat3beg
0001ffa0   etext
0001ffa0   ___etext__
00020024   __SWI_lat3end
00020028   SWI_F_post
00020130   __SWI_lat1beg
000201bc   __SWI_lat1end1
000201c0   SWI_F_exec
00020238   SWI_EXECFXN
00020238   SWI_F_iexec
00020278   __SWI_lat1end2
00020314   __SWI_lat2beg
000203fc   __SWI_lat2end2
00020400   SWI_F_run
00020400   SWI_RUNFXN
00020680   CLK_HOOKFXN
00020680   _HWI_F_dispatch
00020680   HWI_F_dispatch
00020ac0   _malloc
00020b28   _memalign
00020c38   _calloc
00020cc0   _free
00020d00   _realloc
00020e00   PRD_F_swi
0002105c   PRD_F_tick
00021120   CLK_F_getfhtime
00021140   CLK_TIMEFXN
00021140   CLK_F_gethtime
00021140   CLK_F_getshtime
000211b4   CLK_F_getltime
000211c0   CLK_F_isr
00021310   CLK_F_itime
00021310   _CLK_F_itime
00021310   _CLK_itime
00021324   __CLK_lat1beg
00021350   __CLK_lat1end
00021360   _MEM_alloc
00021560   _MEM_free
00021760   _KNL_run
00021940   _SEM_pendEnterKnl
00021b00   _KNL_saveIsrFrame
00021ba8   _KNL_switch
00021c50   KNL_glue
00021c80   __auto_init
00021de0   _TSK_exit
00022078   PRD_THOOKFXN
00022078   _KNL_tick
000220a0   _TSK_setup
000221c0   __SEM_dopost
00022314   _TSK_startup
000223e0   _OBJ_delete
000224a0   _LCK_post
000224e8   _LCK_pend
00022560   _MEM_init
00022620   _OBJ_create
000226e0   _KNL_post
00022780   _KNL_ipost
00022820   _ATM_andi
00022820   _ATM_andu
00022840   _ATM_clearu
00022840   _ATM_cleari
00022858   _ATM_deci
00022858   _ATM_decu
00022874   _ATM_inci
00022874   _ATM_incu
00022890   _ATM_oru
00022890   _ATM_ori
000228ac   _ATM_setu
000228ac   _ATM_seti
000228c0   _SYS_exit
00022960   _MEM_valloc
00022a00   _GBL_cslInit
00022a80   FXN_F_nop
00022a88   FXN_F_run
00022a88   _FXN_F_run
00022ad8   FXN_F_zero
00022ad8   _FXN_F_zero
00022b00   _CLK_start
00022b00   _CLK_start6x
00022b80   _KNL_enter
00022b98   _KNL_exit
00022c00   _LOG_event
00022c00   LOG_F_event
00022c00   __LOG_lat1beg
00022c44   __LOG_lat1end1
00022c70   __LOG_lat1end2
00022c80   _UTL_doPutc
00022c80   SYS_PUTCFXN
00022ce0   GIO_CREATEFXN
00022ce0   _SEM_create
00022d40   _SEM_pend
00022d40   GIO_PENDFXN
00022da0   _SEM_post
00022da0   GIO_POSTFXN
00022e00   _STS_delta
00022e00   STS_F_delta
00022e10   _STS_add
00022e10   STS_F_add
00022e3c   STS_F_reset
00022e3c   _STS_reset
00022e60   _HWI_disable
00022e78   _HWI_enable
00022e8c   _HWI_restore
00022ec0   _TSK_init
00022f20   _SYS_error
00022f80   __QUE_lat1beg
00022f80   _QUE_get
00022fa0   __QUE_lat1end
00022fa8   _QUE_put
00022fa8   __QUE_lat2beg
00022fc0   __QUE_lat2end
00022fe0   _KNL_check
00023004   _KNL_idle
00023020   _KNL_max
00023040   _SWI_post
00023080   _SEM_postEnterKnl
000230c0   _UTL_doAbort
000230c0   SYS_ABORTFXN
00023100   IDL_F_loop
00023100   _IDL_loop
00023120   GBL_F_version
00023140   SYS_EXITFXN
00023140   _UTL_halt
00023160   _SEM_delete
00023160   GIO_DELETEFXN
00023180   _UTL_doError
00023180   SYS_ERRORFXN
000231a0   TSK_VDELETEFXN
000231a0   _FXN_F_nop
000231a0   TSK_VCREATEFXN
000231a0   TSK_VEXITFXN
000231c0   _CLK_countspms
000231e0   _CLK_getltime
00023200   _OBJ_init
00023220   _CLK_getprd
00023240   GBL_stackbeg
00023240   __stack
00023240   _HWI_STKTOP
00024238   _HWI_STKBOTTOM
0002423f   GBL_stackend
00024240   __ftable
00024470   __tmpnams
000245b0   __ft_end
00024a28   __IRQ_eventTable
00024ab0   __IRQ_intTable
00024af0   __IRQ_dispatchTable
00024c50   __cleanup_ptr
00024c54   __dtors_ptr
00024cd8   _tccAllocTable
00024d28   __DAT_serialTable
00024d70   __TIMER_deviceTable
00024d94   __TIMER_hDev0
00024d98   __TIMER_hDev1
00024d9c   __TIMER_hBios
00024db0   __GPIO_intTable
00024dc4   __hGpioDev0
00024df0   _EMBI2C_handle
00024df4   _EMBGPIO_handle
00024df8   _EVM642VIDEOIIC_WriteConfig
00024e38   __DAT_stateStruct
00024e44   __lock
00024e48   __unlock
00024e50   __CIOBUF_
00024f7c   TSK_idle
00024f7c   _TSK_idle
00024fd0   _LOG_system
00024fd0   _LOG_A_TABBEG
00024fd0   LOG_A_TABBEG
00024fd0   LOG_system
00024fe8   _trace
00024fe8   trace
00025000   LOG_A_TABEND
00025000   LOG_system$buf
00025000   _LOG_A_TABEND
00026000   trace$buf
00027000   ___cinit__
00027000   cinit
00027f54   TRC_cinit
00027f58   TRC_R_mask
00027f58   _TRC_R_mask
00027f5c   GBL_initdone
00027f60   _RTDX_SetInterrupt
00028074   _RTDX_Final_RT_Monitor
00028088   _RTDX_Init_RT_Monitor
00028128   _RTDX_Poll
000283f0   _RTDX_Mon_Queue
00028538   _RTDX_IsFlowEnabled
00028560   _RTDX_Mask_IER
00028578   _RTDX_Set_IER
00028580   __ctypes_
000287fa   ___c_args__
00028800   hwi0
00028800   HWI_A_VECS
00028820   hwi1
00028840   hwi2
00028860   hwi3
00028880   hwi4
000288a0   hwi5
000288c0   hwi6
000288e0   hwi7
00028900   hwi8
00028920   hwi9
00028940   hwi10
00028960   hwi11
00028980   hwi12
000289a0   hwi13
000289c0   hwi14
000289e0   hwi15
00028a00   ___bss__
00028a00   IDL_D_tabbeg
00028a00   .bss
00028a00   $bss
00028a04   IDL_D_calibrate
00028a08   IDL_D_calbeg
00028a0c   _LOG_D_system
00028a0c   LOG_D_system
00028a10   PIP_D_tabbeg
00028a14   PIP_D_tablen
00028a18   CLK_R_time
00028a1c   CLK_D_timefxn
00028a20   CLK_D_tabbeg
00028a24   CLK_D_isrhook
00028a28   CLK_D_idletime
00028a2c   SWI_D_curmask
00028a2c   _SWI_D_curmask
00028a30   SWI_D_curset
00028a34   SWI_D_pending
00028a38   SWI_D_curfxn
00028a38   _SWI_D_curfxn
00028a3c   SWI_D_curmbox
00028a40   SWI_D_lock
00028a40   _SWI_D_lock
00028a44   SWI_D_execaddr
00028a48   SWI_D_runaddr
00028a4c   _SWI_D_rdybeg
00028a4c   SWI_D_rdybeg
00028a50   SWI_D_ihook
00028a54   SWI_D_ehook
00028a58   SWI_D_rdytab
00028ad0   PRD_D_tick
00028ad0   _PRD_D_tick
00028ad4   PRD_D_cur
00028ad8   PRD_D_elapsed
00028adc   PRD_D_prevtim
00028ae0   PRD_D_scalar
00028ae4   PRD_D_swihandle
00028ae8   PRD_D_tabbeg
00028aec   PRD_D_tablen
00028af0   PRD_D_thook
00028af4   RTA_D_fromHost
00028af8   RTA_D_toHost
00028afc   RTA_D_logval
00028b0c   RTA_D_stsval
00028b18   HST_D_chanmask
00028b1c   _MEM_D_NUMSEGMENTS
00028b20   _MEM_D_memtab
00028b24   _MEM_D_freelist
00028b28   _MEM_D_lockaddr
00028b2c   _MEM_D_unlockaddr
00028b30   _SYS
00028b34   _HWI_dispatchTab
00028c34   _GBL_cslTimerHandle
00028c38   _KNL_queues
00028cd8   _KNL_dummy
00028d10   _KNL_swiptr
00028d14   _KNL_idlefxn
00028d18   _MEM_memtab
00028d24   _GIO
00028d28   __HOOK_knlId
00028d2c   MEM_MALLOCSEG
00028d2c   _ISRAM
00028d2c   ISRAM
00028d2c   HST_DSMBUFSEG
00028d2c   RTDX_DATAMEMSEG
00028d2c   MEM_SEGZERO
00028d30   _OBJ_table
00028d88   _TSK
00028d8c   __HOOK_NUMHOOKS
00028d90   _KNL_wFlag
00028d94   _KNL_wList
00028d98   _KNL_alarm
00028d9c   _KNL_setpri
00028da0   _KNL_inactive
00028da4   _KNL_priority
00028da8   _KNL_set
00028dac   _KNL_curtask
00028db0   _KNL_prevtask
00028db4   _KNL_curtime
00028db8   _KNL_curqueue
00028dbc   _KNL_maxqueue
00028dc0   _KNL_tswitchfxn
00028dc4   _KNL_tcreatefxn
00028dc8   _KNL_tdeletefxn
00028dcc   _KNL_treadyfxn
00028dd0   _TSK_ATTRS
00028dec   _TSK_timerSem
00028e08   __TSK_mutex
00028e2c   _SEM_ATTRS
00028e30   _SYS_exitStack
00028e50   _OBJ_segtab
00028e7c   _GBL_irqEventTable
00028e80   _GBL_irqIntTable
00028e84   _SYS_exitStackPtr
00028e88   _SYS_exitStackTop
00028e8c   _TSK_nTasks
00028e90   _TSK_pid
00028e94   _MEM
00028ea0   HWI_D_ccmask
00028ea4   _HWI_D_spsave
00028ea8   _RTDX_Buffer
00028ea8   ___end__
00028ea8   end
000292b0   _RTDX_Buffer_Start
000292b4   _RTDX_Buffer_End
000292b8   _rtdx_mon_state
000292d8   TSK_idle$stack
00029670   TSK_idle$stkptr
000296d8   IDL_END
000296d8   IDL_A_TABBEG
000296dc   IDL_A_CALBEG
000296dc   IDL_A_TABEND
000296dc   IDL_END$
000296e0   BIOS_init
000296e0   _BIOS_init
000296e0   IDL_A_CALEND
00029888   _BIOS_start
00029888   BIOS_start
00029900   _c_int00
000299c0   _SYS_PUTCBEG
00029bbf   _SYS_PUTCEND
00029bc0   _STS_A_TABBEG
00029bc0   STS_A_TABBEG
00029bc0   KNL_swi$sts$stsobj
00029bc4   KNL_swi$sts
00029bd0   stsCycleTime$stsobj
00029bd4   stsCycleTime
00029bd4   _stsCycleTime
00029be0   stsDispTime$stsobj
00029be4   _stsDispTime
00029be4   stsDispTime
00029bf0   stsExeTimeChJpegDec$stsobj
00029bf4   _stsExeTimeChJpegDec
00029bf4   stsExeTimeChJpegDec
00029c00   stsExeTimeChJpegEnc$stsobj
00029c04   _stsExeTimeChJpegEnc
00029c04   stsExeTimeChJpegEnc
00029c10   stsCapTime$stsobj
00029c14   stsCapTime
00029c14   _stsCapTime
00029c20   STS_A_TABEND
00029c20   _STS_A_TABEND
00029c54   SWI_A_TABBEG
00029c54   KNL_swi
00029c54   _KNL_swi
00029c80   SWI_A_TABEND
00029c80   GIO$config
00029c90   pinit
00029c90   ___pinit__
01940000   CLK_REGS
01940000   _CLK_REGS
082039a3   HWI_INTRMULTHIGH
250718a4   HWI_INTRMULTLOW
ffffffff   ___binit__
ffffffff   binit

[654 symbols]
