
n work pld verilog;

gi wil0;
ai .slack_logic 998.545 ;
gp Q[0];
ap .slack_logic 998.545 ;
gp C;
ap .is_clock 1;

gi wil1;
gp C;
ap .is_clock 1;

gi un11_IRQ4;
ai .slack_logic 995.870 ;
gp I4[0];
ap .slack_logic 995.870 ;

gi un1_wilclk_cnt1_1;
ai .slack_logic 996.152 ;
gp I11[0];
ap .slack_logic 996.152 ;

gi wigend_buf[2:0];
ai .slack_logic 998.545 ;
gp Q[0];
ap .slack_logic 998.545 ;
gp Q[1];
ap .slack_logic 998.545 ;
gp Q[2];
ap .slack_logic 998.545 ;
gp D[0];
ap .slack_logic 998.545 ;
gp D[1];
ap .slack_logic 998.545 ;
gp D[2];
ap .slack_logic 998.545 ;
gp C;
ap .is_clock 1;

gi wigend_reg[3:0];
ai .slack_logic 995.656 ;
gp D[0];
ap .slack_logic 998.545 ;
gp D[1];
ap .slack_logic 998.545 ;
gp D[2];
ap .slack_logic 998.545 ;
gp D[3];
ap .slack_logic 998.545 ;
gp C;
ap .is_clock 1;

gi overtime;
ai .slack_logic 996.672 ;
gp C;
ap .is_clock 1;

gi wigend_bitcnt[4:0];
ai .slack_logic 995.411 ;
gp Q[0];
ap .slack_logic 995.411 ;
gp Q[1];
ap .slack_logic 996.168 ;
gp Q[2];
ap .slack_logic 995.559 ;
gp Q[3];
ap .slack_logic 996.018 ;
gp Q[4];
ap .slack_logic 995.870 ;
gp D[0];
ap .slack_logic 996.707 ;
gp D[1];
ap .slack_logic 996.741 ;
gp D[2];
ap .slack_logic 996.775 ;
gp D[3];
ap .slack_logic 996.809 ;
gp D[4];
ap .slack_logic 998.545 ;
gp C;
ap .is_clock 1;

gi ADcnt[4:0];
ai .slack_logic 996.672 ;
gp Q[0];
ap .slack_logic 996.707 ;
gp Q[1];
ap .slack_logic 996.672 ;
gp Q[2];
ap .slack_logic 996.775 ;
gp Q[3];
ap .slack_logic 996.809 ;
gp Q[4];
ap .slack_logic 997.148 ;
gp D[0];
ap .slack_logic 996.707 ;
gp D[1];
ap .slack_logic 996.741 ;
gp D[2];
ap .slack_logic 996.775 ;
gp D[3];
ap .slack_logic 996.809 ;
gp D[4];
ap .slack_logic 998.545 ;
gp C;
ap .is_clock 1;

gi wilclk_cnt1[12:0];
ai .slack_logic 995.854 ;
gp Q[0];
ap .slack_logic 996.435 ;
gp Q[1];
ap .slack_logic 996.330 ;
gp Q[2];
ap .slack_logic 995.854 ;
gp Q[3];
ap .slack_logic 996.182 ;
gp Q[4];
ap .slack_logic 996.002 ;
gp Q[5];
ap .slack_logic 996.302 ;
gp Q[6];
ap .slack_logic 996.480 ;
gp Q[7];
ap .slack_logic 996.330 ;
gp Q[8];
ap .slack_logic 996.480 ;
gp Q[9];
ap .slack_logic 996.658 ;
gp Q[10];
ap .slack_logic 996.004 ;
gp Q[11];
ap .slack_logic 996.152 ;
gp Q[12];
ap .slack_logic 996.152 ;
gp D[0];
ap .slack_logic 996.435 ;
gp D[1];
ap .slack_logic 996.469 ;
gp D[2];
ap .slack_logic 996.503 ;
gp D[3];
ap .slack_logic 996.537 ;
gp D[4];
ap .slack_logic 996.571 ;
gp D[5];
ap .slack_logic 996.605 ;
gp D[6];
ap .slack_logic 996.639 ;
gp D[7];
ap .slack_logic 996.673 ;
gp D[8];
ap .slack_logic 996.707 ;
gp D[9];
ap .slack_logic 996.741 ;
gp D[10];
ap .slack_logic 996.775 ;
gp D[11];
ap .slack_logic 996.809 ;
gp D[12];
ap .slack_logic 998.545 ;
gp C;
ap .is_clock 1;
av syn_information_type logic;
