Flow report for pld
Tue Dec 22 11:24:54 2009
Version 5.0 Build 171 11/03/2005 Service Pack 2 SJ Full Version


---------------------
; Table of Contents ;
---------------------
  1. Legal Notice
  2. Flow Summary
  3. Flow Settings
  4. Flow Elapsed Time
  5. Flow Log



----------------
; Legal Notice ;
----------------
Copyright (C) 1991-2005 Altera Corporation
Your use of Altera Corporation's design tools, logic functions 
and other software and tools, and its AMPP partner logic       
functions, and any output files any of the foregoing           
(including device programming or simulation files), and any    
associated documentation or information are expressly subject  
to the terms and conditions of the Altera Program License      
Subscription Agreement, Altera MegaCore Function License       
Agreement, or other applicable license agreement, including,   
without limitation, that your use is for the sole purpose of   
programming logic devices manufactured by Altera and sold by   
Altera or its authorized distributors.  Please refer to the    
applicable agreement for further details.



+------------------------------------------------------------------------------------+
; Flow Summary                                                                       ;
+------------------------------------+-----------------------------------------------+
; Flow Status                        ; Successful - Tue Dec 22 11:24:54 2009         ;
; Quartus II Version                 ; 5.0 Build 171 11/03/2005 SP 2 SJ Full Version ;
; Revision Name                      ; pld                                           ;
; Top-level Entity Name              ; pld                                           ;
; Family                             ; Cyclone II                                    ;
; Device                             ; EP2C5T144C8                                   ;
; Timing Models                      ; Preliminary                                   ;
; Met timing requirements            ; No                                            ;
; Total logic elements               ; 759 / 4,608 ( 16 % )                          ;
; Total registers                    ; 403                                           ;
; Total pins                         ; 66 / 89 ( 74 % )                              ;
; Total virtual pins                 ; 0                                             ;
; Total memory bits                  ; 0 / 119,808 ( 0 % )                           ;
; Embedded Multiplier 9-bit elements ; 0 / 26 ( 0 % )                                ;
; Total PLLs                         ; 0 / 2 ( 0 % )                                 ;
+------------------------------------+-----------------------------------------------+


+-----------------------------------------+
; Flow Settings                           ;
+-------------------+---------------------+
; Option            ; Setting             ;
+-------------------+---------------------+
; Start date & time ; 12/22/2009 11:24:32 ;
; Main task         ; Compilation         ;
; Revision Name     ; pld                 ;
+-------------------+---------------------+


+-------------------------------------+
; Flow Elapsed Time                   ;
+----------------------+--------------+
; Module Name          ; Elapsed Time ;
+----------------------+--------------+
; Analysis & Synthesis ; 00:00:03     ;
; Fitter               ; 00:00:11     ;
; Assembler            ; 00:00:02     ;
; Timing Analyzer      ; 00:00:02     ;
; Total                ; 00:00:18     ;
+----------------------+--------------+


------------
; Flow Log ;
------------
quartus_map --read_settings_files=on --write_settings_files=off pld -c pld
quartus_fit --read_settings_files=off --write_settings_files=off pld -c pld
quartus_asm --read_settings_files=off --write_settings_files=off pld -c pld
quartus_tan --read_settings_files=off --write_settings_files=off pld -c pld --timing_analysis_only



